// Jest Snapshot v1, https://goo.gl/fbAQLP

exports[`Card should render 1`] = `
ShallowWrapper {
  Symbol(enzyme.__root__): [Circular],
  Symbol(enzyme.__unrendered__): <MainCard
    currentCard={
      Object {
        "english": "Convenient",
        "examples": Array [
          Object {
            "JLPTLevel": 3,
            "englishWord": "Surface mail (ship)",
            "kanaWord": "ふなびん ",
            "kanjiWord": "船便",
          },
          Object {
            "JLPTLevel": 2,
            "englishWord": "Express home delivery",
            "kanaWord": "たくはいびん ",
            "kanjiWord": "宅配便",
          },
          Object {
            "JLPTLevel": 2,
            "englishWord": "Mail, postal service",
            "kanaWord": "ゆうびん ",
            "kanjiWord": "郵便",
          },
          Object {
            "JLPTLevel": 2,
            "englishWord": "Post office",
            "kanaWord": "ゆうびんきょく ",
            "kanjiWord": "郵便局",
          },
        ],
        "kana": "ベン",
        "kanji": "便",
        "kunYomi": "たよ(り)",
        "onYomi": "ベン, ビン",
      }
    }
  />,
  Symbol(enzyme.__renderer__): Object {
    "batchedUpdates": [Function],
    "checkPropTypes": [Function],
    "getNode": [Function],
    "render": [Function],
    "simulateError": [Function],
    "simulateEvent": [Function],
    "unmount": [Function],
  },
  Symbol(enzyme.__node__): Object {
    "instance": null,
    "key": undefined,
    "nodeType": "host",
    "props": Object {
      "children": Array [
        <a
          href="https://jisho.org/search/%23kanji%20便"
          rel="noopener noreferrer"
          target="_blank"
        >
          <img
            alt="Link to jisho"
            className="jisho-link"
            src="/jisho.png"
          />
        </a>,
        <h2>
          便
           
          
        </h2>,
        undefined,
        undefined,
      ],
      "className": "main-card card  ",
    },
    "ref": null,
    "rendered": Array [
      Object {
        "instance": null,
        "key": undefined,
        "nodeType": "host",
        "props": Object {
          "children": <img
            alt="Link to jisho"
            className="jisho-link"
            src="/jisho.png"
          />,
          "href": "https://jisho.org/search/%23kanji%20便",
          "rel": "noopener noreferrer",
          "target": "_blank",
        },
        "ref": null,
        "rendered": Object {
          "instance": null,
          "key": undefined,
          "nodeType": "host",
          "props": Object {
            "alt": "Link to jisho",
            "className": "jisho-link",
            "src": "/jisho.png",
          },
          "ref": null,
          "rendered": null,
          "type": "img",
        },
        "type": "a",
      },
      Object {
        "instance": null,
        "key": undefined,
        "nodeType": "host",
        "props": Object {
          "children": Array [
            "便",
            " ",
            "",
          ],
        },
        "ref": null,
        "rendered": Array [
          "便",
          " ",
          "",
        ],
        "type": "h2",
      },
      undefined,
      undefined,
    ],
    "type": "div",
  },
  Symbol(enzyme.__nodes__): Array [
    Object {
      "instance": null,
      "key": undefined,
      "nodeType": "host",
      "props": Object {
        "children": Array [
          <a
            href="https://jisho.org/search/%23kanji%20便"
            rel="noopener noreferrer"
            target="_blank"
          >
            <img
              alt="Link to jisho"
              className="jisho-link"
              src="/jisho.png"
            />
          </a>,
          <h2>
            便
             
            
          </h2>,
          undefined,
          undefined,
        ],
        "className": "main-card card  ",
      },
      "ref": null,
      "rendered": Array [
        Object {
          "instance": null,
          "key": undefined,
          "nodeType": "host",
          "props": Object {
            "children": <img
              alt="Link to jisho"
              className="jisho-link"
              src="/jisho.png"
            />,
            "href": "https://jisho.org/search/%23kanji%20便",
            "rel": "noopener noreferrer",
            "target": "_blank",
          },
          "ref": null,
          "rendered": Object {
            "instance": null,
            "key": undefined,
            "nodeType": "host",
            "props": Object {
              "alt": "Link to jisho",
              "className": "jisho-link",
              "src": "/jisho.png",
            },
            "ref": null,
            "rendered": null,
            "type": "img",
          },
          "type": "a",
        },
        Object {
          "instance": null,
          "key": undefined,
          "nodeType": "host",
          "props": Object {
            "children": Array [
              "便",
              " ",
              "",
            ],
          },
          "ref": null,
          "rendered": Array [
            "便",
            " ",
            "",
          ],
          "type": "h2",
        },
        undefined,
        undefined,
      ],
      "type": "div",
    },
  ],
  Symbol(enzyme.__options__): Object {
    "adapter": ReactSixteenAdapter {
      "options": Object {
        "enableComponentDidUpdateOnSetState": true,
        "legacyContextMode": "parent",
        "lifecycles": Object {
          "componentDidUpdate": Object {
            "onSetState": true,
          },
          "getChildContext": Object {
            "calledByRenderer": false,
          },
          "getDerivedStateFromError": true,
          "getDerivedStateFromProps": Object {
            "hasShouldComponentUpdateBug": false,
          },
          "getSnapshotBeforeUpdate": true,
          "setState": Object {
            "skipsComponentDidUpdateOnNullish": true,
          },
        },
      },
    },
    Symbol(enzyme.__providerValues__): undefined,
  },
  Symbol(enzyme.__providerValues__): Map {},
}
`;
